
Memory Configuration

Name             Origin             Length             Attributes
FLASH            0x00000000         0x00010000         xr
RAM              0x20000000         0x00005000         xrw
*default*        0x00000000         0xffffffff

Linker script and memory map

LOAD nuc123_startup.o
LOAD main.o
                0x00003000                __StackSize = 0x3000
                0x00000800                __HeapSize = 0x800
                0x00000000                . = ORIGIN (FLASH)

.text           0x00000000     0x2884
 *(.text)
 .text          0x00000000       0x44 nuc123_startup.o
                0x0000002a                GPCD_IRQHandler
                0x0000002a                HardFault_Handler
                0x0000002a                SysTick_Handler
                0x0000002a                PendSV_Handler
                0x0000002a                NMI_Handler
                0x0000002a                I2C1_IRQHandler
                0x0000002a                UART1_IRQHandler
                0x0000002a                PS2_IRQHandler
                0x0000002a                SPI1_IRQHandler
                0x0000002a                RTC_IRQHandler
                0x0000002a                PWRWU_IRQHandler
                0x0000002a                EINT1_IRQHandler
                0x0000002a                PWMA_IRQHandler
                0x0000002a                Default_Handler
                0x0000002a                BOD_IRQHandler
                0x0000002a                WDT_IRQHandler
                0x0000002a                SVC_Handler
                0x0000002a                GPAB_IRQHandler
                0x0000002a                EINT0_IRQHandler
                0x0000002a                SPI0_IRQHandler
 .text          0x00000044     0x283c main.o
                0x00000044                exit
                0x000000c4                _start
                0x000000c4                _mainCRTStartup
                0x000001b8                delay
                0x000001dc                enable_column
                0x00000240                setRGB
                0x0000052c                shift_one_bit
                0x00000558                backlight_power_off
                0x0000056c                backlight_power_on
                0x00000580                getPressedKeys
                0x00000688                reportPressedKeys
                0x00000828                UART0_IRQHandler
                0x000008e8                UART0_init
                0x00000938                UART0_send_async
                0x000009c0                UART0_send_and_wait
                0x00000a08                print32HEX
                0x00000ac4                print8shortHEX
                0x00000b6c                timer0_init
                0x00000b94                timer1_init
                0x00000bbc                timer2_init
                0x00000be4                timer3_init
                0x00000c0c                timer0_set_compare
                0x00000c2c                timer1_set_compare
                0x00000c4c                timer2_set_compare
                0x00000c6c                timer3_set_compare
                0x00000c8c                TMR0_IRQHandler
                0x00000ce8                TMR1_IRQHandler
                0x00000d7c                TMR2_IRQHandler
                0x00000d90                TMR3_IRQHandler
                0x00000eac                NVIC_init
                0x00000ee0                USB_configured_setup_ep
                0x00000f10                USB_endpoint_finished_last_send
                0x00001080                USB_clear_se0
                0x0000109c                USB_init
                0x00001288                USB_process_rx_tx
                0x000015dc                USB_initiate_send
                0x00001654                USB_initiate_send_zerobyte
                0x000016e0                USB_initiate_recieve_zerobyte
                0x00001738                USB_initiate_recieve
                0x00001798                USBD_IRQHandler
                0x00002460                SystemInit
                0x00002548                main
                0x0000259c                __libc_init_array
                0x000025e0                memset
                0x00002688                __call_exitprocs
                0x0000275c                atexit
                0x0000276c                __libc_fini_array
                0x00002794                __retarget_lock_init
                0x00002798                __retarget_lock_init_recursive
                0x0000279c                __retarget_lock_close
                0x000027a0                __retarget_lock_close_recursive
                0x000027a4                __retarget_lock_acquire
                0x000027a8                __retarget_lock_acquire_recursive
                0x000027ac                __retarget_lock_try_acquire
                0x000027b0                __retarget_lock_try_acquire_recursive
                0x000027b4                __retarget_lock_release
                0x000027b8                __retarget_lock_release_recursive
                0x000027bc                __register_exitproc
                0x0000287c                _exit
 *(.eh_frame*)
 .eh_frame      0x00002880        0x4 main.o

.glue_7         0x00002884        0x0
 .glue_7        0x00002884        0x0 linker stubs

.glue_7t        0x00002884        0x0
 .glue_7t       0x00002884        0x0 linker stubs

.vfp11_veneer   0x00002884        0x0
 .vfp11_veneer  0x00002884        0x0 linker stubs

.v4_bx          0x00002884        0x0
 .v4_bx         0x00002884        0x0 linker stubs

.iplt           0x00002884        0x0
 .iplt          0x00002884        0x0 nuc123_startup.o

.init           0x00002884        0xc
 .init          0x00002884        0xc main.o
                0x00002884                _init

.fini           0x00002890        0xc
 .fini          0x00002890        0xc main.o
                0x00002890                _fini

.ARM.exidx      0x0000289c        0x8
 *(.ARM.exidx* .gnu.linkonce.armexidx.*)
 .ARM.exidx     0x0000289c        0x8 main.o

.rodata         0x000028a4      0x170
                0x000028a4                __rodataStart = .
 *(.rodata)
 .rodata        0x000028a4      0x170 main.o
                0x000028a4                keymatrix_bootmode_normal
                0x000028ec                REPORT_Descriptor_Keyboard
                0x00002914                REPORT_Descriptor_Mouse
                0x00002948                PHYSICAL_Descriptor
                0x0000294c                USB_DEVICE_Descriptor
                0x00002960                USB_CONFIG_Descriptor1
                0x0000298c                USB_STRING_Descriptor_0x00
                0x00002990                USB_STRING_Descriptor_0x01
                0x0000299c                USB_STRING_Descriptor_0x02
                0x000029ac                USB_STRING_Descriptor_0x03
                0x000029b4                USB_STRING_Descriptor_0x04
                0x000029bc                USB_STRING_Descriptor_0x05
                0x000029d0                USB_STRING_Descriptor_0x06
                0x00002a10                _global_impure_ptr
                0x00002a14                __rodataEnd = .
                0x00000170                __rodataSize = (__rodataEnd - __rodataStart)

.rel.dyn        0x00002a14        0x0
 .rel.iplt      0x00002a14        0x0 nuc123_startup.o

.data           0x20000000      0x504 load address 0x00002a14
                0x20000000                __dataStart = .
 *(.data)
 .data          0x20000000        0x0 nuc123_startup.o
 .data          0x20000000      0x504 main.o
                0x20000000                __data_start
                0x20000000                __dso_handle
                0x20000004                rowOUTPointer
                0x20000028                colINPointer
                0x20000048                EP0_CFG
                0x20000054                EP1_CFG
                0x20000060                EP2_CFG
                0x2000006c                EP3_CFG
                0x20000078                EP4_CFG
                0x20000084                EP5_CFG
                0x20000090                sup
                0x20000094                deviceState
                0x20000098                wakeupHostEnabeled
                0x2000009c                changeAddressTo
                0x200000a0                USB_HID_REPORT_DESCRIPTOR_ARRAY
                0x200000a8                USB_D_REMOTE_WAKEUP
                0x200000ac                USB_STRING_DESCRIPTOR_ARRAY
                0x200000c8                USB_CONFIGURATION_DESCRIPTOR_ARRAY
                0x200000cc                USB_HID_PROTOCOL
                0x200000d0                USB_HID_IDLE_RATE
                0x200000d4                _impure_ptr
                0x20000500                __atexit_recursive_mutex
                0x20000504                _edata

.igot.plt       0x20000504        0x0 load address 0x00002f18
 .igot.plt      0x20000504        0x0 nuc123_startup.o

.init_array     0x20000504        0x8 load address 0x00002f18
 .init_array    0x20000504        0x8 main.o

.fini_array     0x2000050c        0x4 load address 0x00002f20
 .fini_array    0x2000050c        0x4 main.o

.bss            0x20000510      0x2e8 load address 0x00002f24
                0x20000510                __bssStart = .
 *(.bss)
 .bss           0x20000510        0x0 nuc123_startup.o
 .bss           0x20000510      0x2e8 main.o
                0x20000510                __bss_start
                0x20000510                __bss_start__
                0x2000052c                keys
                0x20000724                report_hid_out
                0x2000072c                previous_report_out
                0x20000734                debugr
                0x20000735                debugg
                0x20000736                debugb
                0x20000738                UART0_rx_pointer
                0x2000073c                UART0_rx_recieved_bytes
                0x20000740                UART0_tx_bytes_left
                0x20000744                UART0_tx_total_to_send
                0x20000748                UART0_tx_pointer
                0x2000074c                EP6_CFG
                0x20000758                EP7_CFG
                0x20000764                activeConfiguration
                0x20000768                USB_CTRL_IN
                0x20000769                USB_CTRL_OUT
                0x2000076a                USB_NUM_OF_DEFINED_ENDP
                0x2000076c                globaltest
                0x20000774                EP_CONFIG_ARRAY
                0x200007d4                __lock___atexit_recursive_mutex
                0x200007d8                __lock___arc4random_mutex
                0x200007dc                __lock___env_recursive_mutex
                0x200007e0                __lock___sinit_recursive_mutex
                0x200007e4                __lock___malloc_recursive_mutex
                0x200007e8                __lock___at_quick_exit_mutex
                0x200007ec                __lock___dd_hash_mutex
                0x200007f0                __lock___tz_mutex
                0x200007f4                __lock___sfp_recursive_mutex
                0x200007f8                __bss_end__
                0x200007f8                __end__
                0x200007f8                _bss_end__
                0x200007f8                _end
                0x200007f8                __bssEnd = .
                0x000002e8                __bssSize = (__bssEnd - __bssStart)

.heap           0x200007f8      0x800
                0x200007f8                __HeapStart = .
 *(.heap)
                0x20000ff8                __heapEnd = (__HeapStart + __HeapSize)
                0x20000ff8                . = __heapEnd
 *fill*         0x200007f8      0x800 
                0x20005000                __StackStart = (ORIGIN (RAM) + LENGTH (RAM))
                0x20002000                __StackEnd = (__StackStart - __StackSize)

.stack          0x200007f8 0x20005000
                0x20002000                . = __StackEnd
 *fill*         0x200007f8 0x20002000 
 *(.stack)
                0x20005000                . = __StackStart
 *fill*         0x400027f8     0x3000 
                0x00000001                ASSERT ((__StackEnd >= __heapEnd), Linker error: Stack overflowed into heap or vice versa!)
OUTPUT(.\out\firmware.elf elf32-littlearm)

.vectorTable    0x00000000       0xc0
 .vectorTable   0x00000000       0xc0 nuc123_startup.o

.ARM.attributes
                0x00000000       0x2d
 .ARM.attributes
                0x00000000       0x21 nuc123_startup.o
 .ARM.attributes
                0x00000021       0x28 main.o

.comment        0x00000000       0x75
 .comment       0x00000000       0x75 main.o
                0x00000075                _stack

.debug_aranges  0x00000000       0x20
 .debug_aranges
                0x00000000       0x20 main.o

.debug_info     0x00000000     0x1ee0
 .debug_info    0x00000000     0x1ee0 main.o

.debug_abbrev   0x00000000      0x4ce
 .debug_abbrev  0x00000000      0x4ce main.o

.debug_line     0x00000000     0x1358
 .debug_line    0x00000000     0x1358 main.o

.debug_frame    0x00000000      0x894
 .debug_frame   0x00000000      0x894 main.o

.debug_str      0x00000000     0x11ca
 .debug_str     0x00000000     0x11ca main.o

.debug_ranges   0x00000000       0x30
 .debug_ranges  0x00000000       0x30 main.o
