
Allocating common symbols
Common symbol       size              file

EP_CONFIG_ARRAY     0x60              main.o

Memory Configuration

Name             Origin             Length             Attributes
FLASH            0x00000000         0x00010000         xr
RAM              0x20000000         0x00005000         xrw
*default*        0x00000000         0xffffffff

Linker script and memory map

LOAD nuc123_startup.o
LOAD main.o
LOAD syscalls.o
                0x00001000                _StackSize = 0x1000
                0x00001000                _HeapSize = 0x1000
                0x00000000                . = ORIGIN (FLASH)

.vectorTab      0x00000000       0xbc
                0x00000000                _VecStart = .
 *(.vectorTable)
 .vectorTable   0x00000000       0xbc nuc123_startup.o
                0x000000bc                _VecEnd = .

.text           0x000000bc     0x2500
                0x000000bc                _TextStart = .
 *(.text)
 .text          0x000000bc       0x48 nuc123_startup.o
                0x000000bc                Reset_Handler
                0x000000ea                I2C0_IRQHandler
                0x000000ea                HardFault_Handler
                0x000000ea                SysTick_Handler
                0x000000ea                PendSV_Handler
                0x000000ea                NMI_Handler
                0x000000ea                I2C1_IRQHandler
                0x000000ea                UART1_IRQHandler
                0x000000ea                PS2_IRQHandler
                0x000000ea                SPI1_IRQHandler
                0x000000ea                I2S_IRQHandler
                0x000000ea                PWRWU_IRQHandler
                0x000000ea                GPCDF_IRQHandler
                0x000000ea                EINT1_IRQHandler
                0x000000ea                PWMA_IRQHandler
                0x000000ea                Default_Handler
                0x000000ea                BOD_IRQHandler
                0x000000ea                SPI2_IRQHandler
                0x000000ea                WDT_IRQHandler
                0x000000ea                SVC_Handler
                0x000000ea                PDMA_IRQHandler
                0x000000ea                GPAB_IRQHandler
                0x000000ea                EINT0_IRQHandler
                0x000000ea                SPI0_IRQHandler
 .text          0x00000104     0x2464 main.o
                0x00000180                delay
                0x000001a4                enable_column
                0x00000208                setRGB
                0x000004f4                shift_one_bit
                0x00000520                backlight_power_off
                0x00000534                backlight_power_on
                0x00000548                getPressedKeys
                0x00000650                reportPressedKeys
                0x000007f0                UART0_IRQHandler
                0x000008b0                UART0_init
                0x00000900                UART0_send_async
                0x00000988                UART0_send_and_wait
                0x000009d0                print32HEX
                0x00000a8c                print8shortHEX
                0x00000b34                timer0_init
                0x00000b5c                timer1_init
                0x00000b84                timer2_init
                0x00000bac                timer3_init
                0x00000bd4                timer0_set_compare
                0x00000bf4                timer1_set_compare
                0x00000c14                timer2_set_compare
                0x00000c34                timer3_set_compare
                0x00000c54                TMR0_IRQHandler
                0x00000cb0                TMR1_IRQHandler
                0x00000d44                TMR2_IRQHandler
                0x00000d58                TMR3_IRQHandler
                0x00000e74                NVIC_init
                0x00000ea8                USB_configured_setup_ep
                0x00000ed8                USB_endpoint_finished_last_send
                0x00001048                USB_clear_se0
                0x00001064                USB_init
                0x00001250                USB_process_rx_tx
                0x000015a4                USB_initiate_send
                0x0000161c                USB_initiate_send_zerobyte
                0x000016a8                USB_initiate_recieve_zerobyte
                0x00001700                USB_initiate_recieve
                0x00001760                USBD_IRQHandler
                0x00002428                SystemInit
                0x00002510                main
 .text          0x00002568       0x54 syscalls.o
                0x00002568                _sbrk
                0x000025bc                _TextEnd = .

.glue_7         0x000025bc        0x0
 .glue_7        0x000025bc        0x0 linker stubs

.glue_7t        0x000025bc        0x0
 .glue_7t       0x000025bc        0x0 linker stubs

.vfp11_veneer   0x000025bc        0x0
 .vfp11_veneer  0x000025bc        0x0 linker stubs

.v4_bx          0x000025bc        0x0
 .v4_bx         0x000025bc        0x0 linker stubs

.iplt           0x000025bc        0x0
 .iplt          0x000025bc        0x0 nuc123_startup.o
                0x000025bc                . = ALIGN (0x4)

.rodata         0x000025bc      0x16c
                0x000025bc                _RodataStart = .
 *(.rodata)
 .rodata        0x000025bc      0x16a main.o
                0x000025bc                keymatrix_bootmode_normal
                0x00002604                REPORT_Descriptor_Keyboard
                0x0000262c                REPORT_Descriptor_Mouse
                0x00002660                PHYSICAL_Descriptor
                0x00002664                USB_DEVICE_Descriptor
                0x00002678                USB_CONFIG_Descriptor1
                0x000026a4                USB_STRING_Descriptor_0x00
                0x000026a8                USB_STRING_Descriptor_0x01
                0x000026b4                USB_STRING_Descriptor_0x02
                0x000026c4                USB_STRING_Descriptor_0x03
                0x000026cc                USB_STRING_Descriptor_0x04
                0x000026d4                USB_STRING_Descriptor_0x05
                0x000026e8                USB_STRING_Descriptor_0x06
                0x00002728                . = ALIGN (0x4)
 *fill*         0x00002726        0x2 
                0x00002728                _RodataEnd = .

.rel.dyn        0x00002728        0x0
 .rel.iplt      0x00002728        0x0 nuc123_startup.o
                0x00002728                . = ALIGN (0x4)

.data           0x00002728       0xd0
                0x00002728                _DataStart = .
 *(.data)
 .data          0x00002728        0x0 nuc123_startup.o
 .data          0x00002728       0xcd main.o
                0x00002728                rowOUTPointer
                0x0000274c                colINPointer
                0x0000276c                EP0_CFG
                0x00002778                EP1_CFG
                0x00002784                EP2_CFG
                0x00002790                EP3_CFG
                0x0000279c                EP4_CFG
                0x000027a8                EP5_CFG
                0x000027b4                sup
                0x000027b8                deviceState
                0x000027bc                wakeupHostEnabeled
                0x000027c0                changeAddressTo
                0x000027c4                USB_HID_REPORT_DESCRIPTOR_ARRAY
                0x000027cc                USB_D_REMOTE_WAKEUP
                0x000027d0                USB_STRING_DESCRIPTOR_ARRAY
                0x000027ec                USB_CONFIGURATION_DESCRIPTOR_ARRAY
                0x000027f0                USB_HID_PROTOCOL
                0x000027f4                USB_HID_IDLE_RATE
 .data          0x000027f5        0x0 syscalls.o
                0x000027f8                . = ALIGN (0x4)
 *fill*         0x000027f5        0x3 
                0x000027f8                _DataEnd = .
                0x000000d0                _DataSize = SIZEOF (.data)

.igot.plt       0x000027f8        0x0
 .igot.plt      0x000027f8        0x0 nuc123_startup.o
                0x20000000                . = ORIGIN (RAM)

.stack_placeholder
                0x20000000     0x1000
                0x20000000                _StackPlaceholderStart = .
                0x20001000                . = (. + _StackSize)
 *fill*         0x20000000     0x1000 
                0x20001000                _StackPlaceholderEnd = .

.data_placeholder
                0x20001000       0xd0
                0x20001000                _DataPlaceholderStart = .
                0x200010d0                . = (. + SIZEOF (.data))
 *fill*         0x20001000       0xd0 
                0x200010d0                _DataPlaceholderEnd = .
                0x000000d0                _DataPlaceholderSize = SIZEOF (.data_placeholder)
                0x200010d0                . = ALIGN (0x4)

.bss_placeholder
                0x200010d0      0x24c
                0x200010d0                _BssPlaceholderStart = .
 *(.bss)
 .bss           0x200010d0        0x0 nuc123_startup.o
 .bss           0x200010d0      0x246 main.o
                0x200010d0                keys
                0x200012c8                report_hid_out
                0x200012d0                previous_report_out
                0x200012d8                debugr
                0x200012d9                debugg
                0x200012da                debugb
                0x200012dc                UART0_rx_pointer
                0x200012e0                UART0_rx_recieved_bytes
                0x200012e4                UART0_tx_bytes_left
                0x200012e8                UART0_tx_total_to_send
                0x200012ec                UART0_tx_pointer
                0x200012f0                EP6_CFG
                0x200012fc                EP7_CFG
                0x20001308                activeConfiguration
                0x2000130c                USB_CTRL_IN
                0x2000130d                USB_CTRL_OUT
                0x2000130e                USB_NUM_OF_DEFINED_ENDP
                0x20001310                globaltest
 *fill*         0x20001316        0x2 
 .bss           0x20001318        0x4 syscalls.o
                0x20001318                current_heap_end
                0x2000131c                . = ALIGN (0x4)
                0x2000131c                _BssPlaceholderEnd = .
                0x0000024c                _BssPlaceholderSize = SIZEOF (.bss_placeholder)

.heap_placeholder
                0x2000131c     0x1000
                0x2000131c                . = ALIGN (0x4)
                0x2000131c                _HeapPlaceholderStart = .
                0x2000231c                . = (. + _HeapSize)
 *fill*         0x2000131c     0x1000 
                0x2000231c                . = ALIGN (0x4)
                0x2000231c                _HeapPlaceholderEnd = .
OUTPUT(.\out\firmware.elf elf32-littlearm)

.ARM.attributes
                0x00000000       0x2d
 .ARM.attributes
                0x00000000       0x21 nuc123_startup.o
 .ARM.attributes
                0x00000021       0x2c main.o
 .ARM.attributes
                0x0000004d       0x2c syscalls.o

.comment        0x00000000       0x75
 .comment       0x00000000       0x75 main.o
                                 0x76 (size before relaxing)
 .comment       0x00000075       0x76 syscalls.o

.debug_info     0x00000000     0x1f79
 .debug_info    0x00000000     0x1edc main.o
 .debug_info    0x00001edc       0x9d syscalls.o

.debug_abbrev   0x00000000      0x565
 .debug_abbrev  0x00000000      0x4cc main.o
 .debug_abbrev  0x000004cc       0x99 syscalls.o

.debug_aranges  0x00000000       0x40
 .debug_aranges
                0x00000000       0x20 main.o
 .debug_aranges
                0x00000020       0x20 syscalls.o

.debug_ranges   0x00000000       0x30
 .debug_ranges  0x00000000       0x30 main.o

.debug_line     0x00000000     0x13a7
 .debug_line    0x00000000     0x134f main.o
 .debug_line    0x0000134f       0x58 syscalls.o

.debug_str      0x00000000     0x1249
 .debug_str     0x00000000     0x11ea main.o
                               0x1275 (size before relaxing)
 .debug_str     0x000011ea       0x5f syscalls.o
                                0x14c (size before relaxing)

.debug_frame    0x00000000      0x68c
 .debug_frame   0x00000000      0x65c main.o
 .debug_frame   0x0000065c       0x30 syscalls.o

.bss            0x2000231c       0x60
 COMMON         0x2000231c       0x60 main.o
                0x2000231c                EP_CONFIG_ARRAY
