
Allocating common symbols
Common symbol       size              file

EP_CONFIG_ARRAY     0xa0              main.o

Memory Configuration

Name             Origin             Length             Attributes
FLASH            0x00000000         0x00010000         xr
RAM              0x20000000         0x00005000         xrw
*default*        0x00000000         0xffffffff

Linker script and memory map

LOAD nuc123_startup.o
LOAD main.o
LOAD syscalls.o
                0x00001000                _StackSize = 0x1000
                0x00001000                _HeapSize = 0x1000
                0x00000000                . = ORIGIN (FLASH)

.vectorTab      0x00000000       0xbc
                0x00000000                _VecStart = .
 *(.vectorTable)
 .vectorTable   0x00000000       0xbc nuc123_startup.o
                0x000000bc                _VecEnd = .

.text           0x000000bc     0x2804
                0x000000bc                _TextStart = .
 *(.text)
 .text          0x000000bc       0x48 nuc123_startup.o
                0x000000bc                Reset_Handler
                0x000000ea                I2C0_IRQHandler
                0x000000ea                HardFault_Handler
                0x000000ea                SysTick_Handler
                0x000000ea                PendSV_Handler
                0x000000ea                NMI_Handler
                0x000000ea                I2C1_IRQHandler
                0x000000ea                UART1_IRQHandler
                0x000000ea                PS2_IRQHandler
                0x000000ea                SPI1_IRQHandler
                0x000000ea                I2S_IRQHandler
                0x000000ea                PWRWU_IRQHandler
                0x000000ea                GPCDF_IRQHandler
                0x000000ea                EINT1_IRQHandler
                0x000000ea                PWMA_IRQHandler
                0x000000ea                Default_Handler
                0x000000ea                BOD_IRQHandler
                0x000000ea                SPI2_IRQHandler
                0x000000ea                WDT_IRQHandler
                0x000000ea                SVC_Handler
                0x000000ea                PDMA_IRQHandler
                0x000000ea                GPAB_IRQHandler
                0x000000ea                EINT0_IRQHandler
                0x000000ea                SPI0_IRQHandler
 .text          0x00000104     0x2734 main.o
                0x00000180                delay
                0x000001a4                enable_column
                0x00000208                setRGB
                0x000004f4                shift_one_bit
                0x00000520                backlight_power_off
                0x00000534                backlight_power_on
                0x00000548                getPressedKeys
                0x00000650                reportPressedKeys
                0x00000804                UART0_IRQHandler
                0x000008c4                UART0_init
                0x00000914                UART0_send_async
                0x0000099c                UART0_send_and_wait
                0x000009e4                print32HEX
                0x00000aa0                print8shortHEX
                0x00000b48                timer0_init
                0x00000b70                timer1_init
                0x00000b98                timer2_init
                0x00000bc0                timer3_init
                0x00000be8                timer0_set_compare
                0x00000c08                timer1_set_compare
                0x00000c28                timer2_set_compare
                0x00000c48                timer3_set_compare
                0x00000c68                TMR0_IRQHandler
                0x00000cc4                TMR1_IRQHandler
                0x00000d94                TMR2_IRQHandler
                0x00000da8                TMR3_IRQHandler
                0x00000ec4                NVIC_init
                0x00000ff0                USB_configured_setup_ep
                0x0000103c                USB_HID_get_report
                0x00001046                hid_report_id1_leds
                0x00001078                USB_endpoint_finished_last_send
                0x00001114                USB_clear_se0
                0x00001130                USB_init
                0x0000134c                USB_process_rx_tx
                0x00001738                USB_initiate_send
                0x000017d8                USB_initiate_send_ctrl_zerobyte
                0x00001814                USB_initiate_recieve
                0x000018a4                USB_initiate_recieve_ctrl_zerobyte
                0x000018e0                USBD_IRQHandler
                0x000026f8                SystemInit
                0x000027e0                main
 .text          0x00002838       0x88 syscalls.o
                0x00002838                _sbrk
                0x0000288c                memset
                0x000028c0                _TextEnd = .

.glue_7         0x000028c0        0x0
 .glue_7        0x000028c0        0x0 linker stubs

.glue_7t        0x000028c0        0x0
 .glue_7t       0x000028c0        0x0 linker stubs

.vfp11_veneer   0x000028c0        0x0
 .vfp11_veneer  0x000028c0        0x0 linker stubs

.v4_bx          0x000028c0        0x0
 .v4_bx         0x000028c0        0x0 linker stubs

.iplt           0x000028c0        0x0
 .iplt          0x000028c0        0x0 nuc123_startup.o
                0x000028c0                . = ALIGN (0x4)

.rodata         0x000028c0      0x180
                0x000028c0                _RodataStart = .
 *(.rodata)
 .rodata        0x000028c0      0x17e main.o
                0x000028c0                keymatrix_bootmode_normal
                0x00002918                REPORT_Descriptor_Keyboard
                0x00002954                REPORT_Descriptor_Mouse
                0x00002988                PHYSICAL_Descriptor
                0x0000298c                USB_DEVICE_Descriptor
                0x000029a0                USB_CONFIG_Descriptor1
                0x000029c4                USB_STRING_Descriptor_0x00
                0x000029c8                USB_STRING_Descriptor_0x01
                0x000029d4                USB_STRING_Descriptor_0x02
                0x000029e4                USB_STRING_Descriptor_0x03
                0x000029ec                USB_STRING_Descriptor_0x04
                0x000029f4                USB_STRING_Descriptor_0x05
                0x00002a08                USB_STRING_Descriptor_0x06
                0x00002a40                . = ALIGN (0x4)
 *fill*         0x00002a3e        0x2 
                0x00002a40                _RodataEnd = .

.rel.dyn        0x00002a40        0x0
 .rel.iplt      0x00002a40        0x0 nuc123_startup.o
                0x00002a40                . = ALIGN (0x4)
                0x00002a40                _DataOnFlashStart = .
                0x20000000                . = ORIGIN (RAM)

.stack_placeholder
                0x20000000     0x1000
                0x20000000                _StackPlaceholderStart = .
                0x20001000                . = (. + _StackSize)
 *fill*         0x20000000     0x1000 
                0x20001000                . = ALIGN (0x4)
                0x20001000                _StackPlaceholderEnd = .

.data           0x20001000       0xdc load address 0x00002a40
                0x20001000                . = ALIGN (0x4)
                0x20001000                _DataPlaceholderStart = .
 *(.data)
 .data          0x20001000        0x0 nuc123_startup.o
 .data          0x20001000       0xdc main.o
                0x20001000                rowOUTPointer
                0x20001024                colINPointer
                0x20001044                EP0_CFG
                0x20001058                EP1_CFG
                0x2000106c                EP2_CFG
                0x20001080                EP3_CFG
                0x20001094                sup
                0x20001098                deviceState
                0x2000109c                wakeupHostEnabeled
                0x200010a0                changeAddressTo
                0x200010a4                USB_HID_PROTOCOL
                0x200010a8                USB_HID_IDLE_RATE
                0x200010ac                USB_SET_REPORT_CALBF_FOR_REP_ID
                0x200010b0                USB_HID_REPORT_DESCRIPTOR_ARRAY
                0x200010b8                USB_D_REMOTE_WAKEUP
                0x200010bc                USB_STRING_DESCRIPTOR_ARRAY
                0x200010d8                USB_CONFIGURATION_DESCRIPTOR_ARRAY
 .data          0x200010dc        0x0 syscalls.o
                0x200010dc                . = ALIGN (0x4)
                0x200010dc                _DataPlaceholderEnd = .
                0x000000dc                _DataPlaceholderSize = SIZEOF (.data)

.igot.plt       0x200010dc        0x0 load address 0x00002b1c
 .igot.plt      0x200010dc        0x0 nuc123_startup.o
                0x200010dc                . = ALIGN (0x4)

.bss            0x200010dc      0x324 load address 0x00002b1c
                0x200010dc                _BssPlaceholderStart = .
 *(.bss)
 .bss           0x200010dc        0x0 nuc123_startup.o
 .bss           0x200010dc      0x27e main.o
                0x200010dc                keys
                0x200012d4                report_hid_out
                0x200012dc                previous_report_out
                0x200012e4                debugr
                0x200012e5                debugg
                0x200012e6                debugb
                0x200012e8                UART0_rx_pointer
                0x200012ec                UART0_rx_recieved_bytes
                0x200012f0                UART0_tx_bytes_left
                0x200012f4                UART0_tx_total_to_send
                0x200012f8                UART0_tx_pointer
                0x200012fc                EP4_CFG
                0x20001310                EP5_CFG
                0x20001324                EP6_CFG
                0x20001338                EP7_CFG
                0x2000134c                activeConfiguration
                0x20001350                USB_CTRL_IN
                0x20001351                USB_CTRL_OUT
                0x20001352                USB_NUM_OF_DEFINED_ENDP
                0x20001354                globaltest
 *fill*         0x2000135a        0x2 
 .bss           0x2000135c        0x4 syscalls.o
                0x2000135c                current_heap_end
                0x20001360                . = ALIGN (0x4)
                0x20001360                _BssPlaceholderEnd = .
 COMMON         0x20001360       0xa0 main.o
                0x20001360                EP_CONFIG_ARRAY
                0x00000324                _BssPlaceholderSize = SIZEOF (.bss)

.heap_placeholder
                0x20001400     0x1000 load address 0x00002e40
                0x20001400                . = ALIGN (0x4)
                0x20001400                _HeapPlaceholderStart = .
                0x20002400                . = (. + _HeapSize)
 *fill*         0x20001400     0x1000 
                0x20002400                . = ALIGN (0x4)
                0x20002400                _HeapPlaceholderEnd = .
OUTPUT(.\out\firmware.elf elf32-littlearm)

.ARM.attributes
                0x00000000       0x2d
 .ARM.attributes
                0x00000000       0x21 nuc123_startup.o
 .ARM.attributes
                0x00000021       0x2c main.o
 .ARM.attributes
                0x0000004d       0x2c syscalls.o

.comment        0x00000000       0x75
 .comment       0x00000000       0x75 main.o
                                 0x76 (size before relaxing)
 .comment       0x00000075       0x76 syscalls.o

.debug_info     0x00000000     0x20dd
 .debug_info    0x00000000     0x1fe7 main.o
 .debug_info    0x00001fe7       0xf6 syscalls.o

.debug_abbrev   0x00000000      0x548
 .debug_abbrev  0x00000000      0x47b main.o
 .debug_abbrev  0x0000047b       0xcd syscalls.o

.debug_aranges  0x00000000       0x40
 .debug_aranges
                0x00000000       0x20 main.o
 .debug_aranges
                0x00000020       0x20 syscalls.o

.debug_ranges   0x00000000       0x50
 .debug_ranges  0x00000000       0x50 main.o

.debug_line     0x00000000     0x1480
 .debug_line    0x00000000     0x140a main.o
 .debug_line    0x0000140a       0x76 syscalls.o

.debug_str      0x00000000     0x1309
 .debug_str     0x00000000     0x1292 main.o
                               0x1323 (size before relaxing)
 .debug_str     0x00001292       0x77 syscalls.o
                                0x17d (size before relaxing)

.debug_frame    0x00000000      0x6f0
 .debug_frame   0x00000000      0x6a0 main.o
 .debug_frame   0x000006a0       0x50 syscalls.o
